// Jest Snapshot v1, https://goo.gl/fbAQLP

exports[`mapStateToProps maps currentErrors to errors 1`] = `
Object {
  "errors": Array [
    Object {
      "defaultMessage": "A foo bar baz error.",
      "id": "Errors.foo.bar.baz",
    },
  ],
}
`;
