// Jest Snapshot v1, https://goo.gl/fbAQLP

exports[`it renders with props as expected 1`] = `
ShallowWrapper {
  "length": 1,
  Symbol(enzyme.__root__): [Circular],
  Symbol(enzyme.__unrendered__): <FilterByKeyword
    challenges={
      Array [
        Object {
          "blurb": "Challenge 309 blurb",
          "description": "Challenge 309 description",
          "id": 309,
          "name": "Challenge 309",
          "parent": Object {
            "displayName": "foo",
          },
        },
        Object {
          "blurb": "Challenge 311 blurb",
          "description": "Challenge 311 description",
          "id": 311,
          "name": "Challenge 311",
          "parent": Object {
            "displayName": "bar",
          },
        },
      ]
    }
    intl={
      Object {
        "formatMessage": [MockFunction] {
          "calls": Array [
            Array [
              Object {
                "defaultMessage": "Roads / Pedestrian / Cycleways",
                "id": "Challenge.keywords.navigation",
              },
            ],
            Array [
              Object {
                "defaultMessage": "Water",
                "id": "Challenge.keywords.water",
              },
            ],
            Array [
              Object {
                "defaultMessage": "Points / Areas of Interest",
                "id": "Challenge.keywords.pointsOfInterest",
              },
            ],
            Array [
              Object {
                "defaultMessage": "Buildings",
                "id": "Challenge.keywords.buildings",
              },
            ],
            Array [
              Object {
                "defaultMessage": "Land Use / Administrative Boundaries",
                "id": "Challenge.keywords.landUse",
              },
            ],
            Array [
              Object {
                "defaultMessage": "Transit",
                "id": "Challenge.keywords.transit",
              },
            ],
            Array [
              Object {
                "defaultMessage": "Other",
                "id": "Challenge.keywords.other",
              },
            ],
            Array [
              Object {
                "defaultMessage": "Anything",
                "id": "Challenge.keywords.any",
              },
            ],
          ],
          "results": Array [
            Object {
              "isThrow": false,
              "value": undefined,
            },
            Object {
              "isThrow": false,
              "value": undefined,
            },
            Object {
              "isThrow": false,
              "value": undefined,
            },
            Object {
              "isThrow": false,
              "value": undefined,
            },
            Object {
              "isThrow": false,
              "value": undefined,
            },
            Object {
              "isThrow": false,
              "value": undefined,
            },
            Object {
              "isThrow": false,
              "value": undefined,
            },
            Object {
              "isThrow": false,
              "value": undefined,
            },
          ],
        },
      }
    }
    removeSearchFilters={[MockFunction]}
    searchFilters={
      Object {
        "difficulty": 1,
        "keywords": "Challenge",
      }
    }
    setKeywordFilter={[MockFunction]}
    user={
      Object {
        "id": 11,
        "savedChallenges": Array [],
      }
    }
  />,
  Symbol(enzyme.__renderer__): Object {
    "batchedUpdates": [Function],
    "getNode": [Function],
    "render": [Function],
    "simulateEvent": [Function],
    "unmount": [Function],
  },
  Symbol(enzyme.__node__): Object {
    "instance": null,
    "key": undefined,
    "nodeType": "class",
    "props": Object {
      "button": <ButtonFilter
        type={
          <FormattedMessage
            defaultMessage="Work on"
            id="ChallengeFilterSubnav.filter.keyword.label"
            values={Object {}}
          />
        }
      />,
      "children": <ol
        className="mr-list-dropdown mr-list-dropdown--ruled"
      >
        <li>
          <a
            onClick={[Function]}
          />
        </li>
        <li>
          <a
            onClick={[Function]}
          />
        </li>
        <li>
          <a
            onClick={[Function]}
          />
        </li>
        <li>
          <a
            onClick={[Function]}
          />
        </li>
        <li>
          <a
            onClick={[Function]}
          />
        </li>
        <li>
          <a
            onClick={[Function]}
          />
        </li>
        <li>
          <a
            onClick={[Function]}
          />
        </li>
        <li>
          <OtherKeywordsOption
            clearSearch={[Function]}
            placeholder=""
            searchQuery={
              Object {
                "query": "C",
              }
            }
            setSearch={[Function]}
          />
        </li>
      </ol>,
      "className": "mr-dropdown--flush xl:mr-border-l xl:mr-border-white-10 mr-p-6 mr-pl-0 xl:mr-pl-6",
      "close": [Function],
      "isVisible": false,
      "toggleVisible": [Function],
    },
    "ref": null,
    "rendered": Object {
      "instance": null,
      "key": undefined,
      "nodeType": "host",
      "props": Object {
        "children": Array [
          <li>
            <a
              onClick={[Function]}
            />
          </li>,
          <li>
            <a
              onClick={[Function]}
            />
          </li>,
          <li>
            <a
              onClick={[Function]}
            />
          </li>,
          <li>
            <a
              onClick={[Function]}
            />
          </li>,
          <li>
            <a
              onClick={[Function]}
            />
          </li>,
          <li>
            <a
              onClick={[Function]}
            />
          </li>,
          <li>
            <a
              onClick={[Function]}
            />
          </li>,
          <li>
            <OtherKeywordsOption
              clearSearch={[Function]}
              placeholder=""
              searchQuery={
                Object {
                  "query": "C",
                }
              }
              setSearch={[Function]}
            />
          </li>,
        ],
        "className": "mr-list-dropdown mr-list-dropdown--ruled",
      },
      "ref": null,
      "rendered": Array [
        Object {
          "instance": null,
          "key": "any",
          "nodeType": "host",
          "props": Object {
            "children": <a
              onClick={[Function]}
            />,
          },
          "ref": null,
          "rendered": Object {
            "instance": null,
            "key": undefined,
            "nodeType": "host",
            "props": Object {
              "children": undefined,
              "onClick": [Function],
            },
            "ref": null,
            "rendered": null,
            "type": "a",
          },
          "type": "li",
        },
        Object {
          "instance": null,
          "key": "navigation",
          "nodeType": "host",
          "props": Object {
            "children": <a
              onClick={[Function]}
            />,
          },
          "ref": null,
          "rendered": Object {
            "instance": null,
            "key": undefined,
            "nodeType": "host",
            "props": Object {
              "children": undefined,
              "onClick": [Function],
            },
            "ref": null,
            "rendered": null,
            "type": "a",
          },
          "type": "li",
        },
        Object {
          "instance": null,
          "key": "water",
          "nodeType": "host",
          "props": Object {
            "children": <a
              onClick={[Function]}
            />,
          },
          "ref": null,
          "rendered": Object {
            "instance": null,
            "key": undefined,
            "nodeType": "host",
            "props": Object {
              "children": undefined,
              "onClick": [Function],
            },
            "ref": null,
            "rendered": null,
            "type": "a",
          },
          "type": "li",
        },
        Object {
          "instance": null,
          "key": "pointsOfInterest",
          "nodeType": "host",
          "props": Object {
            "children": <a
              onClick={[Function]}
            />,
          },
          "ref": null,
          "rendered": Object {
            "instance": null,
            "key": undefined,
            "nodeType": "host",
            "props": Object {
              "children": undefined,
              "onClick": [Function],
            },
            "ref": null,
            "rendered": null,
            "type": "a",
          },
          "type": "li",
        },
        Object {
          "instance": null,
          "key": "buildings",
          "nodeType": "host",
          "props": Object {
            "children": <a
              onClick={[Function]}
            />,
          },
          "ref": null,
          "rendered": Object {
            "instance": null,
            "key": undefined,
            "nodeType": "host",
            "props": Object {
              "children": undefined,
              "onClick": [Function],
            },
            "ref": null,
            "rendered": null,
            "type": "a",
          },
          "type": "li",
        },
        Object {
          "instance": null,
          "key": "landUse",
          "nodeType": "host",
          "props": Object {
            "children": <a
              onClick={[Function]}
            />,
          },
          "ref": null,
          "rendered": Object {
            "instance": null,
            "key": undefined,
            "nodeType": "host",
            "props": Object {
              "children": undefined,
              "onClick": [Function],
            },
            "ref": null,
            "rendered": null,
            "type": "a",
          },
          "type": "li",
        },
        Object {
          "instance": null,
          "key": "transit",
          "nodeType": "host",
          "props": Object {
            "children": <a
              onClick={[Function]}
            />,
          },
          "ref": null,
          "rendered": Object {
            "instance": null,
            "key": undefined,
            "nodeType": "host",
            "props": Object {
              "children": undefined,
              "onClick": [Function],
            },
            "ref": null,
            "rendered": null,
            "type": "a",
          },
          "type": "li",
        },
        Object {
          "instance": null,
          "key": "other",
          "nodeType": "host",
          "props": Object {
            "children": <OtherKeywordsOption
              clearSearch={[Function]}
              placeholder=""
              searchQuery={
                Object {
                  "query": "C",
                }
              }
              setSearch={[Function]}
            />,
          },
          "ref": null,
          "rendered": Object {
            "instance": null,
            "key": undefined,
            "nodeType": "class",
            "props": Object {
              "clearSearch": [Function],
              "placeholder": "",
              "searchQuery": Object {
                "query": "C",
              },
              "setSearch": [Function],
            },
            "ref": null,
            "rendered": null,
            "type": [Function],
          },
          "type": "li",
        },
      ],
      "type": "ol",
    },
    "type": [Function],
  },
  Symbol(enzyme.__nodes__): Array [
    Object {
      "instance": null,
      "key": undefined,
      "nodeType": "class",
      "props": Object {
        "button": <ButtonFilter
          type={
            <FormattedMessage
              defaultMessage="Work on"
              id="ChallengeFilterSubnav.filter.keyword.label"
              values={Object {}}
            />
          }
        />,
        "children": <ol
          className="mr-list-dropdown mr-list-dropdown--ruled"
        >
          <li>
            <a
              onClick={[Function]}
            />
          </li>
          <li>
            <a
              onClick={[Function]}
            />
          </li>
          <li>
            <a
              onClick={[Function]}
            />
          </li>
          <li>
            <a
              onClick={[Function]}
            />
          </li>
          <li>
            <a
              onClick={[Function]}
            />
          </li>
          <li>
            <a
              onClick={[Function]}
            />
          </li>
          <li>
            <a
              onClick={[Function]}
            />
          </li>
          <li>
            <OtherKeywordsOption
              clearSearch={[Function]}
              placeholder=""
              searchQuery={
                Object {
                  "query": "C",
                }
              }
              setSearch={[Function]}
            />
          </li>
        </ol>,
        "className": "mr-dropdown--flush xl:mr-border-l xl:mr-border-white-10 mr-p-6 mr-pl-0 xl:mr-pl-6",
        "close": [Function],
        "isVisible": false,
        "toggleVisible": [Function],
      },
      "ref": null,
      "rendered": Object {
        "instance": null,
        "key": undefined,
        "nodeType": "host",
        "props": Object {
          "children": Array [
            <li>
              <a
                onClick={[Function]}
              />
            </li>,
            <li>
              <a
                onClick={[Function]}
              />
            </li>,
            <li>
              <a
                onClick={[Function]}
              />
            </li>,
            <li>
              <a
                onClick={[Function]}
              />
            </li>,
            <li>
              <a
                onClick={[Function]}
              />
            </li>,
            <li>
              <a
                onClick={[Function]}
              />
            </li>,
            <li>
              <a
                onClick={[Function]}
              />
            </li>,
            <li>
              <OtherKeywordsOption
                clearSearch={[Function]}
                placeholder=""
                searchQuery={
                  Object {
                    "query": "C",
                  }
                }
                setSearch={[Function]}
              />
            </li>,
          ],
          "className": "mr-list-dropdown mr-list-dropdown--ruled",
        },
        "ref": null,
        "rendered": Array [
          Object {
            "instance": null,
            "key": "any",
            "nodeType": "host",
            "props": Object {
              "children": <a
                onClick={[Function]}
              />,
            },
            "ref": null,
            "rendered": Object {
              "instance": null,
              "key": undefined,
              "nodeType": "host",
              "props": Object {
                "children": undefined,
                "onClick": [Function],
              },
              "ref": null,
              "rendered": null,
              "type": "a",
            },
            "type": "li",
          },
          Object {
            "instance": null,
            "key": "navigation",
            "nodeType": "host",
            "props": Object {
              "children": <a
                onClick={[Function]}
              />,
            },
            "ref": null,
            "rendered": Object {
              "instance": null,
              "key": undefined,
              "nodeType": "host",
              "props": Object {
                "children": undefined,
                "onClick": [Function],
              },
              "ref": null,
              "rendered": null,
              "type": "a",
            },
            "type": "li",
          },
          Object {
            "instance": null,
            "key": "water",
            "nodeType": "host",
            "props": Object {
              "children": <a
                onClick={[Function]}
              />,
            },
            "ref": null,
            "rendered": Object {
              "instance": null,
              "key": undefined,
              "nodeType": "host",
              "props": Object {
                "children": undefined,
                "onClick": [Function],
              },
              "ref": null,
              "rendered": null,
              "type": "a",
            },
            "type": "li",
          },
          Object {
            "instance": null,
            "key": "pointsOfInterest",
            "nodeType": "host",
            "props": Object {
              "children": <a
                onClick={[Function]}
              />,
            },
            "ref": null,
            "rendered": Object {
              "instance": null,
              "key": undefined,
              "nodeType": "host",
              "props": Object {
                "children": undefined,
                "onClick": [Function],
              },
              "ref": null,
              "rendered": null,
              "type": "a",
            },
            "type": "li",
          },
          Object {
            "instance": null,
            "key": "buildings",
            "nodeType": "host",
            "props": Object {
              "children": <a
                onClick={[Function]}
              />,
            },
            "ref": null,
            "rendered": Object {
              "instance": null,
              "key": undefined,
              "nodeType": "host",
              "props": Object {
                "children": undefined,
                "onClick": [Function],
              },
              "ref": null,
              "rendered": null,
              "type": "a",
            },
            "type": "li",
          },
          Object {
            "instance": null,
            "key": "landUse",
            "nodeType": "host",
            "props": Object {
              "children": <a
                onClick={[Function]}
              />,
            },
            "ref": null,
            "rendered": Object {
              "instance": null,
              "key": undefined,
              "nodeType": "host",
              "props": Object {
                "children": undefined,
                "onClick": [Function],
              },
              "ref": null,
              "rendered": null,
              "type": "a",
            },
            "type": "li",
          },
          Object {
            "instance": null,
            "key": "transit",
            "nodeType": "host",
            "props": Object {
              "children": <a
                onClick={[Function]}
              />,
            },
            "ref": null,
            "rendered": Object {
              "instance": null,
              "key": undefined,
              "nodeType": "host",
              "props": Object {
                "children": undefined,
                "onClick": [Function],
              },
              "ref": null,
              "rendered": null,
              "type": "a",
            },
            "type": "li",
          },
          Object {
            "instance": null,
            "key": "other",
            "nodeType": "host",
            "props": Object {
              "children": <OtherKeywordsOption
                clearSearch={[Function]}
                placeholder=""
                searchQuery={
                  Object {
                    "query": "C",
                  }
                }
                setSearch={[Function]}
              />,
            },
            "ref": null,
            "rendered": Object {
              "instance": null,
              "key": undefined,
              "nodeType": "class",
              "props": Object {
                "clearSearch": [Function],
                "placeholder": "",
                "searchQuery": Object {
                  "query": "C",
                },
                "setSearch": [Function],
              },
              "ref": null,
              "rendered": null,
              "type": [Function],
            },
            "type": "li",
          },
        ],
        "type": "ol",
      },
      "type": [Function],
    },
  ],
  Symbol(enzyme.__options__): Object {
    "adapter": ReactSixteenAdapter {
      "options": Object {
        "enableComponentDidUpdateOnSetState": true,
      },
    },
  },
}
`;
